// Jest Snapshot v1, https://goo.gl/fbAQLP

exports[`<ApplicationListComp /> rendering AppDetails render check 1`] = `
<div
  className="main-container"
>
  <div
    className="header-container"
  >
    <div
      className="title-admin"
    >
      <h2>
        Cevap bekleyen başvurular
      </h2>
      <button
        className="btn"
        onClick={[Function]}
        style={
          Object {
            "backgroundColor": "#E6E6E6",
            "color": "#6B63FF",
          }
        }
        type="reset"
      >
        çıkış
      </button>
    </div>
    <div
      className="filter-container"
    >
      <div>
        <input
          className="filter-input--admin"
          name="queryCode"
          onChange={[Function]}
          placeholder="Başvuru kodu ile filtreleyiniz."
          type="text"
          value=""
        />
      </div>
      <div
        className="form-group--select custom-dropdown"
      >
        <select
          className="form-control"
          name="filterVal"
          onChange={[Function]}
          placeholder=""
          value=""
        >
          <option
            value=""
          >
            Başvuru durumuna göre filtereleyiniz
          </option>
          <option
            value="EVALUATING"
          >
            EVALUATING
          </option>
          <option
            value="ANSWERED"
          >
            ANSWERED
          </option>
        </select>
      </div>
    </div>
  </div>
  <div
    className="card-container"
  >
    <div
      className="alert-container alert-info "
    >
      <div
        className="title-container"
      >
        <h3
          className="title-text"
        >
          Bilgilendirme
        </h3>
      </div>
      <div
        className="body-container"
      >
        <p
          className="body-text"
        >
          Herhangi bir başvuru bulunamadı.
        </p>
      </div>
    </div>
  </div>
</div>
`;

exports[`<ApplicationListComp /> rendering AppDetails snapshots check 1`] = `
<div
  className="main-container"
>
  <div
    className="header-container"
  >
    <div
      className="title-admin"
    >
      <h2>
        Cevap bekleyen başvurular
      </h2>
      <button
        className="btn"
        onClick={[Function]}
        style={
          Object {
            "backgroundColor": "#E6E6E6",
            "color": "#6B63FF",
          }
        }
        type="reset"
      >
        çıkış
      </button>
    </div>
    <div
      className="filter-container"
    >
      <div>
        <input
          className="filter-input--admin"
          name="queryCode"
          onChange={[Function]}
          placeholder="Başvuru kodu ile filtreleyiniz."
          type="text"
          value=""
        />
      </div>
      <div
        className="form-group--select custom-dropdown"
      >
        <select
          className="form-control"
          name="filterVal"
          onChange={[Function]}
          placeholder=""
          value=""
        >
          <option
            value=""
          >
            Başvuru durumuna göre filtereleyiniz
          </option>
          <option
            value="EVALUATING"
          >
            EVALUATING
          </option>
          <option
            value="ANSWERED"
          >
            ANSWERED
          </option>
        </select>
      </div>
    </div>
  </div>
  <div
    className="card-container"
  >
    <div
      className="alert-container alert-info "
    >
      <div
        className="title-container"
      >
        <h3
          className="title-text"
        >
          Bilgilendirme
        </h3>
      </div>
      <div
        className="body-container"
      >
        <p
          className="body-text"
        >
          Herhangi bir başvuru bulunamadı.
        </p>
      </div>
    </div>
  </div>
</div>
`;

exports[`AppDetails render check 1`] = `
<div
  className="main-container"
>
  <div
    className="header-container"
  >
    <div
      className="title-admin"
    >
      <h2>
        Cevap bekleyen başvurular
      </h2>
      <button
        className="btn"
        onClick={[Function]}
        style={
          Object {
            "backgroundColor": "#E6E6E6",
            "color": "#6B63FF",
          }
        }
        type="reset"
      >
        çıkış
      </button>
    </div>
    <div
      className="filter-container"
    >
      <div>
        <input
          className="filter-input--admin"
          name="queryCode"
          onChange={[Function]}
          placeholder="Başvuru kodu ile filtreleyiniz."
          type="text"
          value=""
        />
      </div>
      <div
        className="form-group--select custom-dropdown"
      >
        <select
          className="form-control"
          name="filterVal"
          onChange={[Function]}
          placeholder=""
          value=""
        >
          <option
            value=""
          >
            Başvuru durumuna göre filtereleyiniz
          </option>
          <option
            value="EVALUATING"
          >
            EVALUATING
          </option>
          <option
            value="ANSWERED"
          >
            ANSWERED
          </option>
        </select>
      </div>
    </div>
  </div>
  <div
    className="card-container"
  >
    <div
      className="alert-container alert-info "
    >
      <div
        className="title-container"
      >
        <h3
          className="title-text"
        >
          Bilgilendirme
        </h3>
      </div>
      <div
        className="body-container"
      >
        <p
          className="body-text"
        >
          Herhangi bir başvuru bulunamadı.
        </p>
      </div>
    </div>
  </div>
</div>
`;
