// Jest Snapshot v1, https://goo.gl/fbAQLP

exports[`<Loader /> rendering Loader render check 1`] = `
<svg
  viewBox="0 0 100 100"
  xmlSpace="preserve"
  xmlns="http://www.w3.org/2000/svg"
>
  <path
    d="M20 50h4v10h-4z"
    fill="#7772FE"
  >
    <animateTransform
      attributeName="transform"
      attributeType="xml"
      begin={0}
      dur="0.6s"
      repeatCount="indefinite"
      type="translate"
      values="0 0; 0 20; 0 0"
    />
  </path>
  <path
    d="M30 50h4v10h-4z"
    fill="#7772FE"
  >
    <animateTransform
      attributeName="transform"
      attributeType="xml"
      begin="0.2s"
      dur="0.6s"
      repeatCount="indefinite"
      type="translate"
      values="0 0; 0 20; 0 0"
    />
  </path>
  <path
    d="M40 50h4v10h-4z"
    fill="#7772FE"
  >
    <animateTransform
      attributeName="transform"
      attributeType="xml"
      begin="0.4s"
      dur="0.6s"
      repeatCount="indefinite"
      type="translate"
      values="0 0; 0 20; 0 0"
    />
  </path>
</svg>
`;

exports[`<Loader /> rendering Loader snapshots check 1`] = `
<svg
  viewBox="0 0 100 100"
  xmlSpace="preserve"
  xmlns="http://www.w3.org/2000/svg"
>
  <path
    d="M20 50h4v10h-4z"
    fill="#7772FE"
  >
    <animateTransform
      attributeName="transform"
      attributeType="xml"
      begin={0}
      dur="0.6s"
      repeatCount="indefinite"
      type="translate"
      values="0 0; 0 20; 0 0"
    />
  </path>
  <path
    d="M30 50h4v10h-4z"
    fill="#7772FE"
  >
    <animateTransform
      attributeName="transform"
      attributeType="xml"
      begin="0.2s"
      dur="0.6s"
      repeatCount="indefinite"
      type="translate"
      values="0 0; 0 20; 0 0"
    />
  </path>
  <path
    d="M40 50h4v10h-4z"
    fill="#7772FE"
  >
    <animateTransform
      attributeName="transform"
      attributeType="xml"
      begin="0.4s"
      dur="0.6s"
      repeatCount="indefinite"
      type="translate"
      values="0 0; 0 20; 0 0"
    />
  </path>
</svg>
`;

exports[`Alert render check 1`] = `
<svg
  viewBox="0 0 100 100"
  xmlSpace="preserve"
  xmlns="http://www.w3.org/2000/svg"
>
  <path
    d="M20 50h4v10h-4z"
    fill="#7772FE"
  >
    <animateTransform
      attributeName="transform"
      attributeType="xml"
      begin={0}
      dur="0.6s"
      repeatCount="indefinite"
      type="translate"
      values="0 0; 0 20; 0 0"
    />
  </path>
  <path
    d="M30 50h4v10h-4z"
    fill="#7772FE"
  >
    <animateTransform
      attributeName="transform"
      attributeType="xml"
      begin="0.2s"
      dur="0.6s"
      repeatCount="indefinite"
      type="translate"
      values="0 0; 0 20; 0 0"
    />
  </path>
  <path
    d="M40 50h4v10h-4z"
    fill="#7772FE"
  >
    <animateTransform
      attributeName="transform"
      attributeType="xml"
      begin="0.4s"
      dur="0.6s"
      repeatCount="indefinite"
      type="translate"
      values="0 0; 0 20; 0 0"
    />
  </path>
</svg>
`;
